  Determining projects to restore...
  All projects are up-to-date for restore.
  DevComunity.Shared -> D:\DevComunity\backend\src\DevComunity.Shared\bin\Debug\net8.0\DevComunity.Shared.dll
  DevComunity.Domain -> D:\DevComunity\backend\src\DevComunity.Domain\bin\Debug\net8.0\DevComunity.Domain.dll
  DevComunity.Application -> D:\DevComunity\backend\src\DevComunity.Application\bin\Debug\net8.0\DevComunity.Application.dll
  DevComunity.Infrastructure -> D:\DevComunity\backend\src\DevComunity.Infrastructure\bin\Debug\net8.0\DevComunity.Infrastructure.dll
D:\DevComunity\backend\src\DevComunity.Api\Controllers\AuthController.cs(99,51): warning CS1998: This async method lacks 'await' operators and will run synchronously. Consider using the 'await' operator to await non-blocking API calls, or 'await Task.Run(...)' to do CPU-bound work on a background thread. [D:\DevComunity\backend\src\DevComunity.Api\DevComunity.Api.csproj]
D:\DevComunity\backend\src\DevComunity.Api\Controllers\AuthController.cs(121,38): warning CS1998: This async method lacks 'await' operators and will run synchronously. Consider using the 'await' operator to await non-blocking API calls, or 'await Task.Run(...)' to do CPU-bound work on a background thread. [D:\DevComunity\backend\src\DevComunity.Api\DevComunity.Api.csproj]
D:\DevComunity\backend\src\DevComunity.Api\Controllers\RepositoriesController.cs(85,69): warning CS1998: This async method lacks 'await' operators and will run synchronously. Consider using the 'await' operator to await non-blocking API calls, or 'await Task.Run(...)' to do CPU-bound work on a background thread. [D:\DevComunity\backend\src\DevComunity.Api\DevComunity.Api.csproj]
D:\DevComunity\backend\src\DevComunity.Api\Controllers\RepositoriesController.cs(102,53): warning CS1998: This async method lacks 'await' operators and will run synchronously. Consider using the 'await' operator to await non-blocking API calls, or 'await Task.Run(...)' to do CPU-bound work on a background thread. [D:\DevComunity\backend\src\DevComunity.Api\DevComunity.Api.csproj]
D:\DevComunity\backend\src\DevComunity.Api\Controllers\RepositoriesController.cs(119,67): warning CS1998: This async method lacks 'await' operators and will run synchronously. Consider using the 'await' operator to await non-blocking API calls, or 'await Task.Run(...)' to do CPU-bound work on a background thread. [D:\DevComunity\backend\src\DevComunity.Api\DevComunity.Api.csproj]
D:\DevComunity\backend\src\DevComunity.Api\Controllers\NewsfeedController.cs(55,21): error CS0266: Cannot implicitly convert type 'System.Collections.Generic.IEnumerable<DevComunity.Application.Common.DTOs.PostDto>' to 'System.Collections.Generic.List<DevComunity.Application.Common.DTOs.PostDto>'. An explicit conversion exists (are you missing a cast?) [D:\DevComunity\backend\src\DevComunity.Api\DevComunity.Api.csproj]
D:\DevComunity\backend\src\DevComunity.Api\Controllers\NewsfeedController.cs(90,21): error CS0266: Cannot implicitly convert type 'System.Collections.Generic.IEnumerable<DevComunity.Application.Common.DTOs.PostDto>' to 'System.Collections.Generic.List<DevComunity.Application.Common.DTOs.PostDto>'. An explicit conversion exists (are you missing a cast?) [D:\DevComunity\backend\src\DevComunity.Api\DevComunity.Api.csproj]
D:\DevComunity\backend\src\DevComunity.Api\Controllers\NewsfeedController.cs(116,21): error CS0266: Cannot implicitly convert type 'System.Collections.Generic.IEnumerable<DevComunity.Application.Common.DTOs.PostDto>' to 'System.Collections.Generic.List<DevComunity.Application.Common.DTOs.PostDto>'. An explicit conversion exists (are you missing a cast?) [D:\DevComunity\backend\src\DevComunity.Api\DevComunity.Api.csproj]

Build FAILED.

D:\DevComunity\backend\src\DevComunity.Api\Controllers\AuthController.cs(99,51): warning CS1998: This async method lacks 'await' operators and will run synchronously. Consider using the 'await' operator to await non-blocking API calls, or 'await Task.Run(...)' to do CPU-bound work on a background thread. [D:\DevComunity\backend\src\DevComunity.Api\DevComunity.Api.csproj]
D:\DevComunity\backend\src\DevComunity.Api\Controllers\AuthController.cs(121,38): warning CS1998: This async method lacks 'await' operators and will run synchronously. Consider using the 'await' operator to await non-blocking API calls, or 'await Task.Run(...)' to do CPU-bound work on a background thread. [D:\DevComunity\backend\src\DevComunity.Api\DevComunity.Api.csproj]
D:\DevComunity\backend\src\DevComunity.Api\Controllers\RepositoriesController.cs(85,69): warning CS1998: This async method lacks 'await' operators and will run synchronously. Consider using the 'await' operator to await non-blocking API calls, or 'await Task.Run(...)' to do CPU-bound work on a background thread. [D:\DevComunity\backend\src\DevComunity.Api\DevComunity.Api.csproj]
D:\DevComunity\backend\src\DevComunity.Api\Controllers\RepositoriesController.cs(102,53): warning CS1998: This async method lacks 'await' operators and will run synchronously. Consider using the 'await' operator to await non-blocking API calls, or 'await Task.Run(...)' to do CPU-bound work on a background thread. [D:\DevComunity\backend\src\DevComunity.Api\DevComunity.Api.csproj]
D:\DevComunity\backend\src\DevComunity.Api\Controllers\RepositoriesController.cs(119,67): warning CS1998: This async method lacks 'await' operators and will run synchronously. Consider using the 'await' operator to await non-blocking API calls, or 'await Task.Run(...)' to do CPU-bound work on a background thread. [D:\DevComunity\backend\src\DevComunity.Api\DevComunity.Api.csproj]
D:\DevComunity\backend\src\DevComunity.Api\Controllers\NewsfeedController.cs(55,21): error CS0266: Cannot implicitly convert type 'System.Collections.Generic.IEnumerable<DevComunity.Application.Common.DTOs.PostDto>' to 'System.Collections.Generic.List<DevComunity.Application.Common.DTOs.PostDto>'. An explicit conversion exists (are you missing a cast?) [D:\DevComunity\backend\src\DevComunity.Api\DevComunity.Api.csproj]
D:\DevComunity\backend\src\DevComunity.Api\Controllers\NewsfeedController.cs(90,21): error CS0266: Cannot implicitly convert type 'System.Collections.Generic.IEnumerable<DevComunity.Application.Common.DTOs.PostDto>' to 'System.Collections.Generic.List<DevComunity.Application.Common.DTOs.PostDto>'. An explicit conversion exists (are you missing a cast?) [D:\DevComunity\backend\src\DevComunity.Api\DevComunity.Api.csproj]
D:\DevComunity\backend\src\DevComunity.Api\Controllers\NewsfeedController.cs(116,21): error CS0266: Cannot implicitly convert type 'System.Collections.Generic.IEnumerable<DevComunity.Application.Common.DTOs.PostDto>' to 'System.Collections.Generic.List<DevComunity.Application.Common.DTOs.PostDto>'. An explicit conversion exists (are you missing a cast?) [D:\DevComunity\backend\src\DevComunity.Api\DevComunity.Api.csproj]
    5 Warning(s)
    3 Error(s)

Time Elapsed 00:00:01.63
